Copyright 1986-2017 Xilinx, Inc. All Rights Reserved.
------------------------------------------------------------------------------------------------
| Tool Version : Vivado v.2017.4 (win64) Build 2086221 Fri Dec 15 20:55:39 MST 2017
| Date         : Thu Oct 11 17:48:51 2018
| Host         : DESKTOP-KLFS1F0 running 64-bit major release  (build 9200)
| Command      : report_control_sets -verbose -file mipsfpga_nexys4_ddr_control_sets_placed.rpt
| Design       : mipsfpga_nexys4_ddr
| Device       : xc7a100t
------------------------------------------------------------------------------------------------

Control Set Information

Table of Contents
-----------------
1. Summary
2. Flip-Flop Distribution
3. Detailed Control Set Information

1. Summary
----------

+----------------------------------------------------------+-------+
|                          Status                          | Count |
+----------------------------------------------------------+-------+
| Number of unique control sets                            |   281 |
| Unused register locations in slices containing registers |   571 |
+----------------------------------------------------------+-------+


2. Flip-Flop Distribution
-------------------------

+--------------+-----------------------+------------------------+-----------------+--------------+
| Clock Enable | Synchronous Set/Reset | Asynchronous Set/Reset | Total Registers | Total Slices |
+--------------+-----------------------+------------------------+-----------------+--------------+
| No           | No                    | No                     |            1116 |          470 |
| No           | No                    | Yes                    |              10 |            4 |
| No           | Yes                   | No                     |              97 |           46 |
| Yes          | No                    | No                     |            5592 |         2392 |
| Yes          | No                    | Yes                    |              23 |           16 |
| Yes          | Yes                   | No                     |             575 |          202 |
+--------------+-----------------------+------------------------+-----------------+--------------+


3. Detailed Control Set Information
-----------------------------------

+--------------------------+----------------------------------------------------------------------------------------------------+-----------------------------------------------------------------------------------------------------+------------------+----------------+
|       Clock Signal       |                                            Enable Signal                                           |                                           Set/Reset Signal                                          | Slice Load Count | Bel Load Count |
+--------------------------+----------------------------------------------------------------------------------------------------+-----------------------------------------------------------------------------------------------------+------------------+----------------+
|  tck                     | mipsfpga_sys/top/cpu/core/ejt/ejt_tap/ejt_tck/_inst_reg41_4_1_/p_27_in                             | mipsfpga_sys/top/cpu/core/cpz/_ie_pipe_out_5_0_/cregister/cregister/Q[1]                            |                1 |              1 |
|  tck                     | mipsfpga_sys/top/cpu/core/ejt/ejt_tap/ejt_tck/_inst_reg41_4_1_/p_27_in                             | mipsfpga_sys/top/cpu/core/ejt/ejt_tap/ejt_tck/_reset_unsync/reset_unsync                            |                1 |              1 |
|  tck                     |                                                                                                    | mipsfpga_sys/top/cpu/core/ejt/ejt_tap/ejt_tck/_reset_unsync/q_reg[0]_0                              |                1 |              1 |
| ~tck                     |                                                                                                    |                                                                                                     |                1 |              1 |
|  clk_wiz_0/inst/clk_out1 | mipsfpga_sys/top/cpu/core/dcc/_ws_en_3_0_/DO_reg[0]                                                |                                                                                                     |                1 |              2 |
|  clk_wiz_0/inst/clk_out1 | mipsfpga_sys/top/cpu/core/dcc/_cacheread_m/p_0_in                                                  |                                                                                                     |                1 |              2 |
|  clk_wiz_0/inst/clk_out1 | mipsfpga_sys/top/cpu/core/dcc/_cacheread_m/DO_reg[0]                                               |                                                                                                     |                1 |              2 |
|  clk_wiz_0/inst/clk_out1 | mipsfpga_sys/top/cpu/core/dcc/_dcc_dmiss_m_ev_reg/q_reg[3]                                         |                                                                                                     |                1 |              4 |
|  clk_wiz_0/inst/clk_out1 |                                                                                                    | mipsfpga_sys/top/cpu/core/dcc/_ev_dirtyway_reg/q_reg[3]                                             |                3 |              4 |
|  clk_wiz_0/inst/clk_out1 |                                                                                                    | mipsfpga_sys/top/cpu/core/dcc/_fb_wb_idx_match_reg/q_reg[3]                                         |                1 |              4 |
|  clk_wiz_0/inst/clk_out1 |                                                                                                    | mipsfpga_sys/top/cpu/core/dcc/_killable_m_reg/q_reg[0]_1                                            |                2 |              4 |
|  clk_wiz_0/inst/clk_out1 |                                                                                                    | mipsfpga_sys/top/cpu/core/icc/_buffer_data_reg/ld_tag                                               |                1 |              4 |
|  clk_wiz_0/inst/clk_out1 |                                                                                                    | mipsfpga_sys/top/cpu/core/icc/_fb_taglo_3_0_/q[3]_i_1__92_n_0                                       |                2 |              4 |
|  clk_wiz_0/inst/clk_out1 | mipsfpga_sys/top/cpu/core/dcc/fb/_ld_mtag_reg/rd_req_sent                                          |                                                                                                     |                3 |              4 |
|  clk_wiz_0/inst/clk_out1 |                                                                                                    | mipsfpga_sys/top/cpu/core/mpc/mpc_dec/_int_ir_e_31_0_/cregister/cregister/q_reg[3]_4                |                3 |              4 |
|  clk_wiz_0/inst/clk_out1 |                                                                                                    | mipsfpga_sys/top/cpu/core/mpc/mpc_dec/_int_ir_e_31_0_/cregister/cregister/q_reg[3]_5                |                3 |              4 |
|  tck                     |                                                                                                    | mipsfpga_sys/top/cpu/core/siu/_siu_coldreset/q_reg[0]_2                                             |                1 |              4 |
|  clk_wiz_0/inst/clk_out1 | mipsfpga_sys/ejtag_reset/trst_delay[3]_i_1_n_0                                                     |                                                                                                     |                1 |              4 |
|  clk_wiz_0/inst/clk_out1 | mipsfpga_sys/top/cpu/core/dcc/fb/_update_fb_back/cond015_out                                       | mipsfpga_sys/top/cpu/core/dcc/fb/_update_fb_back/q_reg[0]_1                                         |                1 |              4 |
|  tck                     | mipsfpga_sys/top/cpu/core/ejt/ejt_tap/ejt_tck/_inst_reg41_4_1_/p_27_in                             |                                                                                                     |                1 |              4 |
|  clk_wiz_0/inst/clk_out1 | mipsfpga_sys/top/cpu/core/biu/_hready_reg/q_reg[0]_1                                               | mipsfpga_sys/top/cpu/core/siu/_siu_coldreset/q_reg[0]_2                                             |                3 |              4 |
|  clk_wiz_0/inst/clk_out1 | mipsfpga_sys/top/cpu/core/mpc/mpc_ctl/_coptype_md_3_0_/q_reg[0]_28[0]                              |                                                                                                     |                4 |              4 |
|  clk_wiz_0/inst/clk_out1 | mipsfpga_sys/top/cpu/core/mpc/mpc_ctl/_coptype_md_3_0_/q_reg[0]_27[0]                              |                                                                                                     |                3 |              4 |
|  clk_wiz_0/inst/clk_out1 | mipsfpga_sys/top/cpu/core/icc/_enable_ireq/enable_ireq                                             |                                                                                                     |                1 |              4 |
|  clk_wiz_0/inst/clk_out1 | mipsfpga_sys/top/cpu/core/mpc/mpc_exc/_new_exc_id/new_exc_id                                       |                                                                                                     |                3 |              4 |
|  clk_wiz_0/inst/clk_out1 | mipsfpga_sys/top/cpu/core/dcc/fb/_update_fb_back/valid_word_here_c                                 | mipsfpga_sys/top/cpu/core/dcc/fb/_valid_word_here_reg_3_0_/cregister/cregister/q[3]_i_1_n_0         |                1 |              4 |
|  clk_wiz_0/inst/clk_out1 | mipsfpga_sys/top/cpu/core/dcc/_new_addr_sync/dcc_exnewaddr                                         | mipsfpga_sys/top/cpu/core/dcc/_ev_word_reg_1_0_/q_reg[0]_0                                          |                2 |              4 |
|  clk_wiz_0/inst/clk_out1 | mipsfpga_sys/top/cpu/core/dcc/_new_addr_sync/dcc_exnewaddr                                         | mipsfpga_sys/top/cpu/core/dcc/_ev_word_reg_1_0_/q_reg[8]                                            |                1 |              4 |
|  clk_wiz_0/inst/clk_out1 | mipsfpga_sys/top/cpu/core/dcc/_new_addr_sync/dcc_exnewaddr                                         | mipsfpga_sys/top/cpu/core/dcc/_ev_word_reg_1_0_/q_reg[12]                                           |                1 |              4 |
|  clk_wiz_0/inst/clk_out1 | mipsfpga_sys/top/cpu/core/dcc/_new_addr_sync/dcc_exnewaddr                                         | mipsfpga_sys/top/cpu/core/dcc/_ev_word_reg_1_0_/q_reg[4]                                            |                1 |              4 |
|  clk_wiz_0/inst/clk_out1 | mipsfpga_sys/top/cpu/core/dcc/_killable_m_reg/E[0]                                                 |                                                                                                     |                2 |              4 |
|  clk_wiz_0/inst/clk_out1 | mipsfpga_sys/top/cpu/core/dcc/_ev_dirtyway_reg_reg/cond047_out                                     | mipsfpga_sys/top/cpu/core/dcc/_ev_dirtyway_reg/q_reg[3]                                             |                2 |              4 |
|  clk_wiz_0/inst/clk_out1 |                                                                                                    | mipsfpga_sys/top/cpu/core/dcc/_storebuff_idx_19_2_/cregister/cregister/q_reg[3]_0                   |                1 |              4 |
|  clk_wiz_0/inst/clk_out1 | mipsfpga_sys/top/cpu/core/dcc/fb/_update_fb_back/q_reg[3]_1[0]                                     |                                                                                                     |                2 |              4 |
|  clk_wiz_0/inst/clk_out1 | mipsfpga_sys/top/cpu/core/dcc/_dcc_ev/mpc_run_w                                                    | mipsfpga_sys/top/cpu/core/dcc/_fb_wb_idx_match_reg/q_reg[0]_3                                       |                3 |              4 |
|  clk_wiz_0/inst/clk_out1 | mipsfpga_sys/top/cpu/core/mpc/mpc_ctl/_ie_pipe_out_50_0_/cregister/cregister/q_reg[4]_3[0]         |                                                                                                     |                3 |              5 |
|  clk_wiz_0/inst/clk_out1 | mipsfpga_sys/top/cpu/core/dcc/_fb_wb_idx_match_reg/E[0]                                            |                                                                                                     |                4 |              5 |
|  tck                     | mipsfpga_sys/top/cpu/core/ejt/ejt_tap/ejt_tck/_tap_ctrl_3_0_/q_reg[3]_0[0]                         | mipsfpga_sys/ejtag_reset/q_reg[0]                                                                   |                2 |              5 |
|  clk_wiz_0/inst/clk_out1 |                                                                                                    | mipsfpga_sys/top/cpu/core/mdunit/mdl_ctl/_uc_reg_out_20_0_/cregister/register_inst/q_reg[0]_6       |                1 |              5 |
|  clk_wiz_0/inst/clk_out1 |                                                                                                    | mipsfpga_sys/top/cpu/core/mdunit/mdl_ctl/_uc_reg_out_20_0_/cregister/register_inst/q[5]_i_1__19_n_0 |                4 |              5 |
|  tck                     |                                                                                                    | mipsfpga_sys/ejtag_reset/q_reg[0]                                                                   |                2 |              5 |
|  clk_wiz_0/inst/clk_out1 | mipsfpga_sys/top/cpu/core/cpz/_errctl_11_8_/cregister/cregister/E[0]                               |                                                                                                     |                4 |              6 |
|  clk_wiz_0/inst/clk_out1 | mipsfpga_sys/top/cpu/core/biu/_HADDR_31_0_/cregister/cregister/dbc_reset_we_sel                    | mipsfpga_sys/top/cpu/core/biu/_HADDR_31_0_/cregister/cregister/q_reg[5]_1                           |                1 |              6 |
|  clk_wiz_0/inst/clk_out1 | mipsfpga_sys/top/cpu/core/mpc/mpc_ctl/_ie_pipe_out_50_0_/cregister/cregister/q_reg[9]_2            | mipsfpga_sys/top/cpu/core/mpc/mpc_ctl/_ie_pipe_out_50_0_/cregister/cregister/q_reg[9]_1             |                1 |              6 |
|  clk_wiz_0/inst/clk_out1 | mipsfpga_sys/top/cpu/core/mpc/mpc_ctl/_ie_pipe_out_50_0_/cregister/cregister/q_reg[49]_0           | mipsfpga_sys/top/cpu/core/mpc/mpc_ctl/_ie_pipe_out_50_0_/cregister/cregister/q_reg[0]_6             |                2 |              6 |
|  clk_wiz_0/inst/clk_out1 | mipsfpga_sys/top/cpu/core/dcc/_fb_wb_idx_match_reg/mpc_run_m                                       | mipsfpga_sys/top/cpu/core/mpc/mpc_ctl/_ie_pipe_out_50_0_/cregister/cregister/q_reg[0]_4             |                2 |              6 |
|  clk_wiz_0/inst/clk_out1 | mipsfpga_sys/top/cpu/core/mpc/mpc_ctl/_ie_pipe_out_50_0_/cregister/cregister/cond071_out           |                                                                                                     |                2 |              6 |
|  clk_wiz_0/inst/clk_out1 | mipsfpga_sys/top/cpu/core/biu/_HADDR_31_0_/cregister/cregister/cond011_out                         | mipsfpga_sys/top/cpu/core/q[1]_i_1_n_0                                                              |                2 |              7 |
|  clk_wiz_0/inst/clk_out1 | mipsfpga_sys/top/cpu/core/mpc/mpc_ctl/_ie_pipe_out_50_0_/cregister/cregister/cond071_out           | mipsfpga_sys/top/cpu/core/siu/_siu_coldreset/q_reg[3]_0                                             |                4 |              7 |
|  clk_wiz_0/inst/clk_out1 | mipsfpga_sys/top/cpu/core/mmu/tlb_ctl/_cp0write_md/tagwrclken_16[7]                                | mipsfpga_sys/top/cpu/core/mmu/tlb_ctl/_cp0write_md/q_reg[31]_7                                      |                2 |              8 |
|  clk_wiz_0/inst/clk_out1 | mipsfpga_sys/top/cpu/core/mmu/tlb_ctl/_cp0write_md/tagwrclken_16[8]                                | mipsfpga_sys/top/cpu/core/mmu/tlb_ctl/_cp0write_md/q_reg[31]_6                                      |                2 |              8 |
|  clk_wiz_0/inst/clk_out1 | mipsfpga_sys/top/cpu/core/mmu/tlb_ctl/_cp0write_md/tagwrclken_16[6]                                | mipsfpga_sys/top/cpu/core/mmu/tlb_ctl/_cp0write_md/q_reg[31]_8                                      |                3 |              8 |
|  clk_wiz_0/inst/clk_out1 | mipsfpga_sys/top/cpu/core/dcc/_fb_wb_idx_match_reg/mpc_run_m                                       | mipsfpga_sys/top/cpu/core/mpc/mpc_ctl/_m_pipe_out_46_0_/cregister/cregister/q_reg[0]                |                3 |              8 |
|  clk_wiz_0/inst/clk_out1 | mipsfpga_sys/top/cpu/core/biu/_HADDR_31_0_/cregister/cregister/dbc_reset_we_sel                    |                                                                                                     |                3 |              8 |
|  clk_wiz_0/inst/clk_out1 | mipsfpga_sys/top/cpu/core/mmu/tlb_ctl/_cp0write_md/tagwrclken_16[14]                               | mipsfpga_sys/top/cpu/core/mmu/tlb_ctl/_cp0write_md/q_reg[31]_0                                      |                2 |              8 |
|  clk_wiz_0/inst/clk_out1 | mipsfpga_sys/top/cpu/core/mmu/tlb_ctl/_cp0write_md/tagwrclken_16[0]                                | mipsfpga_sys/top/cpu/core/mmu/tlb_ctl/_cp0write_md/q_reg[31]_14                                     |                2 |              8 |
|  clk_wiz_0/inst/clk_out1 | mipsfpga_sys/top/cpu/core/mmu/tlb_ctl/_cp0write_md/tagwrclken_16[15]                               | mipsfpga_sys/top/cpu/core/mmu/tlb_ctl/_cp0write_md/q_reg[31]                                        |                3 |              8 |
|  clk_wiz_0/inst/clk_out1 | mipsfpga_sys/top/cpu/core/dcc/fb/_ex_be_reg_3_0_/E[0]                                              |                                                                                                     |                1 |              8 |
|  clk_wiz_0/inst/clk_out1 | mipsfpga_sys/top/cpu/core/mpc/mpc_ctl/_mpc_atomic_m/cond014_out                                    | mipsfpga_sys/top/cpu/core/mpc/mpc_ctl/_mpc_atomic_m/q_reg[15]                                       |                3 |              8 |
|  clk_wiz_0/inst/clk_out1 | mipsfpga_sys/top/cpu/core/mmu/tlb_ctl/_cp0write_md/tagwrclken_16[5]                                | mipsfpga_sys/top/cpu/core/mmu/tlb_ctl/_cp0write_md/q_reg[31]_9                                      |                2 |              8 |
|  clk_wiz_0/inst/clk_out1 | mipsfpga_sys/top/cpu/core/mmu/tlb_ctl/_cp0write_md/tagwrclken_16[11]                               | mipsfpga_sys/top/cpu/core/mmu/tlb_ctl/_cp0write_md/q_reg[31]_3                                      |                2 |              8 |
|  clk_wiz_0/inst/clk_out1 | mipsfpga_sys/top/cpu/core/biu/_HADDR_31_0_/cregister/cregister/dbasid_we_sel                       | mipsfpga_sys/top/cpu/core/biu/_HADDR_31_0_/cregister/cregister/q_reg[7]_0                           |                2 |              8 |
|  clk_wiz_0/inst/clk_out1 | mipsfpga_sys/top/cpu/core/mmu/tlb_ctl/_cp0write_md/tagwrclken_16[1]                                | mipsfpga_sys/top/cpu/core/mmu/tlb_ctl/_cp0write_md/q_reg[31]_13                                     |                2 |              8 |
|  clk_wiz_0/inst/clk_out1 | mipsfpga_sys/top/cpu/core/dcc/fb/_dval_m_reg_3_2_/q_reg[7]_2[0]                                    |                                                                                                     |                1 |              8 |
|  clk_wiz_0/inst/clk_out1 | mipsfpga_sys/top/cpu/core/mmu/tlb_ctl/_cp0write_md/tagwrclken_16[13]                               | mipsfpga_sys/top/cpu/core/mmu/tlb_ctl/_cp0write_md/q_reg[31]_1                                      |                2 |              8 |
|  clk_wiz_0/inst/clk_out1 | mipsfpga_sys/top/cpu/core/mmu/tlb_ctl/_cp0write_md/tagwrclken_16[3]                                | mipsfpga_sys/top/cpu/core/mmu/tlb_ctl/_cp0write_md/q_reg[31]_11                                     |                2 |              8 |
|  clk_wiz_0/inst/clk_out1 | mipsfpga_sys/top/cpu/core/biu/_HADDR_31_0_/cregister/cregister/ibasid_we_sel_1                     | mipsfpga_sys/top/cpu/core/biu/_HADDR_31_0_/cregister/cregister/q_reg[7]_4                           |                2 |              8 |
|  clk_wiz_0/inst/clk_out1 | mipsfpga_sys/top/cpu/core/mmu/tlb_ctl/_cp0write_md/tagwrclken_16[10]                               | mipsfpga_sys/top/cpu/core/mmu/tlb_ctl/_cp0write_md/q_reg[31]_4                                      |                3 |              8 |
|  clk_wiz_0/inst/clk_out1 | mipsfpga_sys/top/cpu/core/dcc/fb/_ld_mtag_reg/q_reg[12][0]                                         |                                                                                                     |                4 |              8 |
|  clk_wiz_0/inst/clk_out1 | mipsfpga_sys/top/cpu/core/mmu/tlb_ctl/_cp0write_md/tagwrclken_16[12]                               | mipsfpga_sys/top/cpu/core/mmu/tlb_ctl/_cp0write_md/q_reg[31]_2                                      |                2 |              8 |
|  clk_wiz_0/inst/clk_out1 | mipsfpga_sys/top/cpu/core/dcc/fb/_ex_be_reg_3_0_/q_reg[7]_0[0]                                     |                                                                                                     |                3 |              8 |
|  clk_wiz_0/inst/clk_out1 | mipsfpga_sys/top/cpu/core/biu/_HADDR_31_0_/cregister/cregister/ibasid_we_sel                       | mipsfpga_sys/top/cpu/core/biu/_HADDR_31_0_/cregister/cregister/q_reg[7]_2                           |                2 |              8 |
|  clk_wiz_0/inst/clk_out1 | mipsfpga_sys/top/cpu/core/dcc/fb/_ex_be_reg_3_0_/q_reg[7]_2[0]                                     |                                                                                                     |                1 |              8 |
|  clk_wiz_0/inst/clk_out1 | mipsfpga_sys/top/cpu/core/dcc/fb/_ex_be_reg_3_0_/q_reg[7]_9[0]                                     |                                                                                                     |                3 |              8 |
|  clk_wiz_0/inst/clk_out1 | mipsfpga_sys/top/cpu/core/dcc/fb/_ex_be_reg_3_0_/q_reg[7]_4[0]                                     |                                                                                                     |                2 |              8 |
|  clk_wiz_0/inst/clk_out1 | mipsfpga_sys/top/cpu/core/dcc/fb/_ex_be_reg_3_0_/q_reg[7]_5[0]                                     |                                                                                                     |                3 |              8 |
|  clk_wiz_0/inst/clk_out1 | mipsfpga_sys/top/cpu/core/dcc/fb/_ex_be_reg_3_0_/q_reg[7]_8[0]                                     |                                                                                                     |                2 |              8 |
|  clk_wiz_0/inst/clk_out1 | mipsfpga_sys/top/cpu/core/dcc/fb/_ex_be_reg_3_0_/q_reg[7]_6[0]                                     |                                                                                                     |                1 |              8 |
|  clk_wiz_0/inst/clk_out1 | mipsfpga_sys/top/cpu/core/dcc/fb/_ex_be_reg_3_0_/q_reg[7]_7[0]                                     |                                                                                                     |                1 |              8 |
|  clk_wiz_0/inst/clk_out1 | mipsfpga_sys/top/cpu/core/dcc/fb/_ex_be_reg_3_0_/q_reg[7]_3[0]                                     |                                                                                                     |                1 |              8 |
|  clk_wiz_0/inst/clk_out1 | mipsfpga_sys/top/cpu/core/dcc/fb/_dval_m_reg_3_2_/E[0]                                             |                                                                                                     |                2 |              8 |
|  clk_wiz_0/inst/clk_out1 | mipsfpga_sys/top/cpu/core/dcc/fb/_dval_m_reg_3_2_/q_reg[7]_0[0]                                    |                                                                                                     |                4 |              8 |
|  clk_wiz_0/inst/clk_out1 | mipsfpga_sys/top/cpu/core/dcc/fb/_dval_m_reg_3_2_/q_reg[7]_1[0]                                    |                                                                                                     |                4 |              8 |
|  clk_wiz_0/inst/clk_out1 | mipsfpga_sys/top/cpu/core/mmu/tlb_ctl/_cp0write_md/tagwrclken_16[4]                                | mipsfpga_sys/top/cpu/core/mmu/tlb_ctl/_cp0write_md/q_reg[31]_10                                     |                2 |              8 |
|  clk_wiz_0/inst/clk_out1 | mipsfpga_sys/top/cpu/core/mmu/tlb_ctl/_cp0write_md/tagwrclken_16[2]                                | mipsfpga_sys/top/cpu/core/mmu/tlb_ctl/_cp0write_md/q_reg[31]_12                                     |                4 |              8 |
|  clk_wiz_0/inst/clk_out1 | mipsfpga_sys/top/cpu/core/cpz/_count_inc/E[0]                                                      |                                                                                                     |                4 |              8 |
|  clk_wiz_0/inst/clk_out1 | mipsfpga_sys/top/cpu/core/cpz/_countb2_7_0_/cregister/cregister/E[0]                               |                                                                                                     |                4 |              8 |
|  clk_wiz_0/inst/clk_out1 | mipsfpga_sys/top/cpu/core/cpz/_countb1_7_0_/cregister/cregister/E[0]                               |                                                                                                     |                3 |              8 |
|  clk_wiz_0/inst/clk_out1 | mipsfpga_sys/top/cpu/core/cpz/_countb0_7_0_/cregister/cregister/E[0]                               |                                                                                                     |                3 |              8 |
|  clk_wiz_0/inst/clk_out1 | mipsfpga_sys/top/cpu/core/mpc/mpc_ctl/_mpc_atomic_m/cond014_out                                    | mipsfpga_sys/top/cpu/core/mpc/mpc_ctl/_mpc_atomic_m/q_reg[23]_0                                     |                5 |              8 |
|  clk_wiz_0/inst/clk_out1 | mipsfpga_sys/top/cpu/core/mpc/mpc_ctl/_mpc_atomic_m/cond014_out                                    | mipsfpga_sys/top/cpu/core/mpc/mpc_ctl/_mpc_atomic_m/q_reg[31]                                       |                3 |              8 |
|  clk_wiz_0/inst/clk_out1 | mipsfpga_sys/top/cpu/core/mpc/mpc_ctl/_mpc_atomic_m/cond014_out                                    | mipsfpga_sys/top/cpu/core/mpc/mpc_ctl/_mpc_atomic_m/q_reg[7]                                        |                4 |              8 |
|  clk_wiz_0/inst/clk_out1 | mipsfpga_sys/top/cpu/core/dcc/fb/_ex_be_reg_3_0_/q_reg[7]_10[0]                                    |                                                                                                     |                3 |              8 |
|  clk_wiz_0/inst/clk_out1 | mipsfpga_sys/top/cpu/core/dcc/fb/_ex_be_reg_3_0_/q_reg[7]_1[0]                                     |                                                                                                     |                6 |              8 |
|  clk_wiz_0/inst/clk_out1 | mipsfpga_sys/top/cpu/core/mmu/tlb_ctl/_cp0write_md/tagwrclken_16[9]                                | mipsfpga_sys/top/cpu/core/mmu/tlb_ctl/_cp0write_md/q_reg[31]_5                                      |                4 |              8 |
|  clk_wiz_0/inst/clk_out1 | mipsfpga_sys/top/cpu/core/mpc/mpc_ctl/_ie_pipe_out_50_0_/cregister/cregister/cond09_out            | mipsfpga_sys/top/cpu/core/siu/_siu_coldreset/q_reg[0]_2                                             |                5 |              8 |
|  clk_wiz_0/inst/clk_out1 | mipsfpga_sys/top/cpu/core/mpc/mpc_ctl/_ie_pipe_out_50_0_/cregister/cregister/q_reg[9]_8[0]         |                                                                                                     |                5 |              8 |
|  clk_wiz_0/inst/clk_out1 | mipsfpga_sys/top/cpu/core/cpz/_errctl_11_8_/cregister/cregister/q_reg[7]_1[0]                      |                                                                                                     |                5 |              8 |
|  clk_wiz_0/inst/clk_out1 | mipsfpga_sys/top/cpu/core/icc/_icache_read_i/icache_read_i                                         |                                                                                                     |                5 |              9 |
|  clk_wiz_0/inst/clk_out1 | mipsfpga_sys/top/cpu/core/mpc/mpc_ctl/_ie_pipe_out_50_0_/cregister/cregister/cond046_out           | mipsfpga_sys/top/cpu/core/siu/_siu_coldreset/q_reg[0]_2                                             |                3 |              9 |
|  clk_wiz_0/inst/clk_out1 | mipsfpga_sys/top/cpu/core/mpc/mpc_ctl/_ie_pipe_out_50_0_/cregister/cregister/cond046_out           |                                                                                                     |                6 |              9 |
|  clk_wiz_0/inst/clk_out1 | mipsfpga_sys/top/cpu/core/mpc/mpc_ctl/_ie_pipe_out_50_0_/cregister/cregister/q_reg[8]_2[0]         |                                                                                                     |                3 |              9 |
|  tck                     | mipsfpga_sys/top/cpu/core/ejt/ejt_tap/ejt_tck/_inst_reg41_4_1_/cond093_out                         | mipsfpga_sys/top/cpu/core/ejt/ejt_tap/ejt_tck/_pa_addr_reg_31_0_/cregister/cregister/q[21]_i_1_n_0  |                3 |              9 |
|  clk_wiz_0/inst/clk_out1 | mipsfpga_sys/top/cpu/core/mpc/mpc_ctl/_coptype_md_3_0_/cond032_out                                 |                                                                                                     |                4 |             10 |
|  clk_wiz_0/inst/clk_out1 | mipsfpga_sys/top/cpu/core/mpc/mpc_ctl/_ie_pipe_out_50_0_/cregister/cregister/q_reg[0]_50[0]        |                                                                                                     |                9 |             10 |
|  clk_wiz_0/inst/clk_out1 | mipsfpga_sys/top/cpu/core/mpc/mpc_ctl/_ie_pipe_out_50_0_/cregister/cregister/cond07_out_1          | mipsfpga_sys/top/cpu/core/siu/_siu_coldreset/q_reg[0]_10                                            |                2 |             11 |
|  clk_wiz_0/inst/clk_out1 | mipsfpga_sys/top/cpu/core/mpc/mpc_ctl/_ie_pipe_out_50_0_/cregister/cregister/cond07_out            | mipsfpga_sys/top/cpu/core/siu/_siu_coldreset/q_reg[0]_11                                            |                3 |             11 |
|  clk_wiz_0/inst/clk_out1 |                                                                                                    | mipsfpga_sys/top/cpu/core/dcc/_dcc_dmiss_m_ev_reg/q_reg[0]_1                                        |                4 |             12 |
|  clk_wiz_0/inst/clk_out1 | mipsfpga_sys/top/cpu/core/dcc/fb/_update_fb_back/q_reg[12][0]                                      |                                                                                                     |                8 |             12 |
|  clk_wiz_0/inst/clk_out1 | mipsfpga_sys/top/cpu/core/mpc/mpc_ctl/_ie_pipe_out_50_0_/cregister/cregister/q_reg[12]_0           |                                                                                                     |                3 |             12 |
|  tck                     |                                                                                                    |                                                                                                     |                9 |             13 |
|  clk_wiz_0/inst/clk_out1 | mipsfpga_sys/top/cpu/core/mpc/mpc_ctl/_ie_pipe_out_50_0_/cregister/cregister/q_reg[0]_35           |                                                                                                     |                3 |             13 |
|  clk_wiz_0/inst/clk_out1 | mipsfpga_sys/top/cpu/core/mpc/mpc_ctl/_ie_pipe_out_50_0_/cregister/cregister/cond012_out           | mipsfpga_sys/top/cpu/core/siu/_siu_coldreset/q_reg[12]                                              |                4 |             13 |
|  clk_wiz_0/inst/clk_out1 |                                                                                                    | mipsfpga_sys/top/cpu/core/mpc/mpc_ctl/_mpc_pm_complete/q_reg[15]                                    |                5 |             14 |
|  clk_wiz_0/inst/clk_out1 | mipsfpga_sys/top/cpu/core/mpc/mpc_ctl/_ie_pipe_out_50_0_/cregister/cregister/mpc_rega_cond_i       |                                                                                                     |                7 |             14 |
|  clk_wiz_0/inst/clk_out1 | mipsfpga_sys/top/cpu/core/biu/_HADDR_31_0_/cregister/cregister/dbm_we_sel                          | mipsfpga_sys/top/cpu/core/biu/_HADDR_31_0_/cregister/cregister/q_reg[31]_4                          |                2 |             15 |
|  clk_wiz_0/inst/clk_out1 | mipsfpga_sys/top/cpu/core/biu/_HADDR_31_0_/cregister/cregister/ibm_we_sel                          | mipsfpga_sys/top/cpu/core/biu/_HADDR_31_0_/cregister/cregister/q_reg[31]_6                          |                5 |             15 |
|  clk_wiz_0/inst/clk_out1 | mipsfpga_sys/top/cpu/core/biu/_HADDR_31_0_/cregister/cregister/iba_we_sel_2                        | mipsfpga_sys/top/cpu/core/biu/_HADDR_31_0_/cregister/cregister/q_reg[31]_10                         |                4 |             15 |
|  clk_wiz_0/inst/clk_out1 | mipsfpga_sys/top/cpu/core/biu/_HADDR_31_0_/cregister/cregister/dbv_we_sel                          | mipsfpga_sys/top/cpu/core/biu/_HADDR_31_0_/cregister/cregister/q_reg[31]_0                          |                3 |             15 |
|  clk_wiz_0/inst/clk_out1 | mipsfpga_sys/top/cpu/core/biu/_HADDR_31_0_/cregister/cregister/ibm_we_sel_3                        | mipsfpga_sys/top/cpu/core/biu/_HADDR_31_0_/cregister/cregister/q_reg[31]_12                         |                5 |             15 |
|  clk_wiz_0/inst/clk_out1 | mipsfpga_sys/top/cpu/core/mpc/mpc_ctl/_ie_pipe_out_50_0_/cregister/cregister/q_reg[12]_4           | mipsfpga_sys/top/cpu/core/siu/_siu_coldreset/q_reg[17]                                              |                8 |             15 |
|  clk_wiz_0/inst/clk_out1 | mipsfpga_sys/top/cpu/core/biu/_HADDR_31_0_/cregister/cregister/iba_we_sel                          | mipsfpga_sys/top/cpu/core/biu/_HADDR_31_0_/cregister/cregister/q_reg[31]_8                          |                4 |             15 |
|  clk_wiz_0/inst/clk_out1 | mipsfpga_sys/top/cpu/core/biu/_HADDR_31_0_/cregister/cregister/dba_we_sel                          | mipsfpga_sys/top/cpu/core/biu/_HADDR_31_0_/cregister/cregister/q_reg[31]_2                          |                5 |             15 |
|  clk_wiz_0/inst/clk_out1 | mipsfpga_sys/top/cpu/core/dcc/fb/_update_fb_back/q_reg[15][0]                                      |                                                                                                     |                7 |             16 |
|  clk_wiz_0/inst/clk_out1 | mipsfpga_sys/top/cpu/core/dcc/fb/_update_fb_back/q_reg[15]_0[0]                                    |                                                                                                     |                7 |             16 |
|  clk_wiz_0/inst/clk_out1 | mipsfpga_sys/top/cpu/core/dcc/_ev_dirtyway_reg_reg/cond050_out                                     | mipsfpga_sys/top/cpu/core/siu/_siu_coldreset/q_reg[0]_2                                             |                7 |             16 |
|  clk_wiz_0/inst/clk_out1 | mipsfpga_sys/mipsfpga_ahb/adrreg/E[0]                                                              | mipsfpga_sys/top/cpu/core/biu/_greset_n/HRESETn                                                     |               12 |             16 |
|  clk_wiz_0/inst/clk_out1 | mipsfpga_sys/top/cpu/core/biu/_HADDR_31_0_/cregister/cregister/dbm_we_sel                          |                                                                                                     |                4 |             17 |
|  clk_wiz_0/inst/clk_out1 | mipsfpga_sys/top/cpu/core/dcc/fb/_update_fb_back/q_reg[0]_9                                        |                                                                                                     |                9 |             17 |
|  clk_wiz_0/inst/clk_out1 | mipsfpga_sys/top/cpu/core/biu/_HADDR_31_0_/cregister/cregister/ibm_we_sel                          |                                                                                                     |                6 |             17 |
|  clk_wiz_0/inst/clk_out1 | mipsfpga_sys/top/cpu/core/biu/_HADDR_31_0_/cregister/cregister/iba_we_sel_2                        |                                                                                                     |                6 |             17 |
|  clk_wiz_0/inst/clk_out1 | mipsfpga_sys/top/cpu/core/biu/_HADDR_31_0_/cregister/cregister/ibm_we_sel_3                        |                                                                                                     |                8 |             17 |
|  clk_wiz_0/inst/clk_out1 | mipsfpga_sys/top/cpu/core/biu/_HADDR_31_0_/cregister/cregister/iba_we_sel                          |                                                                                                     |                6 |             17 |
|  clk_wiz_0/inst/clk_out1 | mipsfpga_sys/top/cpu/core/biu/_HADDR_31_0_/cregister/cregister/dbv_we_sel                          |                                                                                                     |                3 |             17 |
|  clk_wiz_0/inst/clk_out1 | mipsfpga_sys/top/cpu/core/biu/_HADDR_31_0_/cregister/cregister/dba_we_sel                          |                                                                                                     |                4 |             17 |
|  clk_wiz_0/inst/clk_out1 | mipsfpga_sys/top/cpu/core/mpc/mpc_ctl/_ie_pipe_out_50_0_/cregister/cregister/cond09_out            |                                                                                                     |               11 |             19 |
|  clk_wiz_0/inst/clk_out1 | mipsfpga_sys/top/cpu/core/biu/_HADDR_31_0_/cregister/cregister/cond04_out                          | mipsfpga_sys/top/cpu/core/siu/_siu_coldreset/q_reg[0]_2                                             |                3 |             21 |
|  tck                     | mipsfpga_sys/top/cpu/core/ejt/ejt_tap/ejt_tck/_inst_reg41_4_1_/cond093_out                         |                                                                                                     |               13 |             25 |
|  clk_wiz_0/inst/clk_out1 | mipsfpga_sys/top/cpu/core/mmu/tlb_ctl/_cp0write_md/datawrclken1_16[11]                             |                                                                                                     |               20 |             27 |
|  clk_wiz_0/inst/clk_out1 | mipsfpga_sys/top/cpu/core/biu/_wrb_wd_cnt_1_0_/q_reg[28][0]                                        |                                                                                                     |                8 |             27 |
|  clk_wiz_0/inst/clk_out1 | mipsfpga_sys/top/cpu/core/mmu/tlb_ctl/_cp0write_md/datawrclken1_16[9]                              |                                                                                                     |                6 |             27 |
|  clk_wiz_0/inst/clk_out1 | mipsfpga_sys/top/cpu/core/mmu/tlb_ctl/_cp0write_md/datawrclken0_16[1]                              |                                                                                                     |                7 |             27 |
|  clk_wiz_0/inst/clk_out1 | mipsfpga_sys/top/cpu/core/mmu/tlb_ctl/_cp0write_md/datawrclken0_16[4]                              |                                                                                                     |               12 |             27 |
|  clk_wiz_0/inst/clk_out1 | mipsfpga_sys/top/cpu/core/mmu/tlb_ctl/_cp0write_md/datawrclken0_16[5]                              |                                                                                                     |                9 |             27 |
|  clk_wiz_0/inst/clk_out1 | mipsfpga_sys/top/cpu/core/mmu/tlb_ctl/_cp0write_md/datawrclken0_16[6]                              |                                                                                                     |                7 |             27 |
|  clk_wiz_0/inst/clk_out1 | mipsfpga_sys/top/cpu/core/mmu/tlb_ctl/_cp0write_md/datawrclken0_16[11]                             |                                                                                                     |               11 |             27 |
|  clk_wiz_0/inst/clk_out1 | mipsfpga_sys/top/cpu/core/mmu/tlb_ctl/_cp0write_md/datawrclken0_16[12]                             |                                                                                                     |               11 |             27 |
|  clk_wiz_0/inst/clk_out1 | mipsfpga_sys/top/cpu/core/mmu/tlb_ctl/_cp0write_md/datawrclken0_16[15]                             |                                                                                                     |                9 |             27 |
|  clk_wiz_0/inst/clk_out1 | mipsfpga_sys/top/cpu/core/mmu/tlb_ctl/_cp0write_md/datawrclken1_16[1]                              |                                                                                                     |                7 |             27 |
|  clk_wiz_0/inst/clk_out1 | mipsfpga_sys/top/cpu/core/mmu/tlb_ctl/_cp0write_md/datawrclken1_16[2]                              |                                                                                                     |                9 |             27 |
|  clk_wiz_0/inst/clk_out1 | mipsfpga_sys/top/cpu/core/mmu/tlb_ctl/_cp0write_md/datawrclken1_16[3]                              |                                                                                                     |               17 |             27 |
|  clk_wiz_0/inst/clk_out1 | mipsfpga_sys/top/cpu/core/mmu/tlb_ctl/_cp0write_md/datawrclken0_16[8]                              |                                                                                                     |                8 |             27 |
|  clk_wiz_0/inst/clk_out1 | mipsfpga_sys/top/cpu/core/mmu/tlb_ctl/_cp0write_md/datawrclken0_16[10]                             |                                                                                                     |                9 |             27 |
|  clk_wiz_0/inst/clk_out1 | mipsfpga_sys/top/cpu/core/mmu/tlb_ctl/_cp0write_md/datawrclken0_16[13]                             |                                                                                                     |               12 |             27 |
|  clk_wiz_0/inst/clk_out1 | mipsfpga_sys/top/cpu/core/mmu/tlb_ctl/_cp0write_md/datawrclken0_16[9]                              |                                                                                                     |                9 |             27 |
|  clk_wiz_0/inst/clk_out1 | mipsfpga_sys/top/cpu/core/mmu/tlb_ctl/_cp0write_md/datawrclken0_16[0]                              |                                                                                                     |                8 |             27 |
|  clk_wiz_0/inst/clk_out1 | mipsfpga_sys/top/cpu/core/mmu/tlb_ctl/_cp0write_md/datawrclken1_16[4]                              |                                                                                                     |                9 |             27 |
|  clk_wiz_0/inst/clk_out1 | mipsfpga_sys/top/cpu/core/mmu/tlb_ctl/_cp0write_md/datawrclken0_16[3]                              |                                                                                                     |                6 |             27 |
|  clk_wiz_0/inst/clk_out1 | mipsfpga_sys/top/cpu/core/mmu/tlb_ctl/_cp0write_md/datawrclken1_16[5]                              |                                                                                                     |                9 |             27 |
|  clk_wiz_0/inst/clk_out1 | mipsfpga_sys/top/cpu/core/mmu/tlb_ctl/_cp0write_md/datawrclken1_16[6]                              |                                                                                                     |               11 |             27 |
|  clk_wiz_0/inst/clk_out1 | mipsfpga_sys/top/cpu/core/mmu/tlb_ctl/_cp0write_md/datawrclken0_16[14]                             |                                                                                                     |               13 |             27 |
|  clk_wiz_0/inst/clk_out1 | mipsfpga_sys/top/cpu/core/mmu/tlb_ctl/_cp0write_md/datawrclken0_16[2]                              |                                                                                                     |               10 |             27 |
|  clk_wiz_0/inst/clk_out1 | mipsfpga_sys/top/cpu/core/mmu/tlb_ctl/_cp0write_md/datawrclken0_16[7]                              |                                                                                                     |               14 |             27 |
|  clk_wiz_0/inst/clk_out1 | mipsfpga_sys/top/cpu/core/mmu/tlb_ctl/_cp0write_md/datawrclken1_16[0]                              |                                                                                                     |               10 |             27 |
|  clk_wiz_0/inst/clk_out1 | mipsfpga_sys/top/cpu/core/mmu/tlb_ctl/_cp0write_md/datawrclken1_16[7]                              |                                                                                                     |               20 |             27 |
|  clk_wiz_0/inst/clk_out1 | mipsfpga_sys/top/cpu/core/mmu/tlb_ctl/_cp0write_md/datawrclken1_16[10]                             |                                                                                                     |               13 |             27 |
|  clk_wiz_0/inst/clk_out1 | mipsfpga_sys/top/cpu/core/mmu/tlb_ctl/_cp0write_md/datawrclken1_16[12]                             |                                                                                                     |               14 |             27 |
|  clk_wiz_0/inst/clk_out1 | mipsfpga_sys/top/cpu/core/mmu/tlb_ctl/_cp0write_md/datawrclken1_16[13]                             |                                                                                                     |               10 |             27 |
|  clk_wiz_0/inst/clk_out1 | mipsfpga_sys/top/cpu/core/mmu/tlb_ctl/_cp0write_md/datawrclken1_16[15]                             |                                                                                                     |               18 |             27 |
|  clk_wiz_0/inst/clk_out1 | mipsfpga_sys/top/cpu/core/mmu/tlb_ctl/_cp0write_md/datawrclken1_16[14]                             |                                                                                                     |               19 |             27 |
|  clk_wiz_0/inst/clk_out1 | mipsfpga_sys/top/cpu/core/mmu/tlb_ctl/_cp0write_md/datawrclken1_16[8]                              |                                                                                                     |               10 |             27 |
|  clk_wiz_0/inst/clk_out1 | mipsfpga_sys/top/cpu/core/mpc/mpc_ctl/_ie_pipe_out_50_0_/cregister/cregister/q_reg[27]_2           |                                                                                                     |                6 |             28 |
|  clk_wiz_0/inst/clk_out1 | mipsfpga_sys/top/cpu/core/biu/_hready_reg/q_reg[0]_0                                               | mipsfpga_sys/top/cpu/core/siu/_siu_coldreset/q_reg[0]_2                                             |                8 |             28 |
|  clk_wiz_0/inst/clk_out1 | mipsfpga_sys/top/cpu/core/dcc/_dcc_dmiss_m_ev_reg/q_reg[27][0]                                     |                                                                                                     |               10 |             28 |
|  clk_wiz_0/inst/clk_out1 |                                                                                                    | mipsfpga_sys/top/cpu/core/siu/_siu_coldreset/q_reg[0]_2                                             |               16 |             29 |
|  clk_wiz_0/inst/clk_out1 | mipsfpga_sys/top/cpu/core/dcc/_fb_wb_idx_match_reg/mpc_run_m                                       | mipsfpga_sys/top/cpu/core/mpc/mpc_ctl/_ie_pipe_out_50_0_/cregister/cregister/q_reg[31]_2            |               19 |             31 |
|  clk_wiz_0/inst/clk_out1 | mipsfpga_sys/top/cpu/core/dcc/_ev_dirtyway_reg_reg/cond050_out                                     |                                                                                                     |                9 |             31 |
|  clk_wiz_0/inst/clk_out1 | mipsfpga_sys/top/cpu/core/mpc/mpc_ctl/_m_pipe_out_46_0_/cregister/cregister/q_reg[31]_20[0]        |                                                                                                     |               21 |             32 |
|  clk_wiz_0/inst/clk_out1 | mipsfpga_sys/top/cpu/core/mpc/mpc_ctl/_m_pipe_out_46_0_/cregister/cregister/q_reg[31]_30[0]        |                                                                                                     |               18 |             32 |
|  clk_wiz_0/inst/clk_out1 | mipsfpga_sys/top/cpu/core/mpc/mpc_ctl/_m_pipe_out_46_0_/cregister/cregister/q_reg[31]_27[0]        |                                                                                                     |               21 |             32 |
|  clk_wiz_0/inst/clk_out1 | mipsfpga_sys/top/cpu/core/mpc/mpc_ctl/_m_pipe_out_46_0_/cregister/cregister/q_reg[0]_2[0]          |                                                                                                     |               14 |             32 |
|  clk_wiz_0/inst/clk_out1 | mipsfpga_sys/top/cpu/core/mpc/mpc_ctl/_m_pipe_out_46_0_/cregister/cregister/q_reg[31]_0[0]         |                                                                                                     |               22 |             32 |
|  clk_wiz_0/inst/clk_out1 | mipsfpga_sys/top/cpu/core/mpc/mpc_ctl/_m_pipe_out_46_0_/cregister/cregister/q_reg[31]_10[0]        |                                                                                                     |               21 |             32 |
|  clk_wiz_0/inst/clk_out1 | mipsfpga_sys/top/cpu/core/mpc/mpc_ctl/_m_pipe_out_46_0_/cregister/cregister/q_reg[31]_11[0]        |                                                                                                     |               20 |             32 |
|  clk_wiz_0/inst/clk_out1 | mipsfpga_sys/top/cpu/core/mpc/mpc_ctl/_m_pipe_out_46_0_/cregister/cregister/q_reg[31]_12[0]        |                                                                                                     |               22 |             32 |
|  clk_wiz_0/inst/clk_out1 | mipsfpga_sys/top/cpu/core/mpc/mpc_ctl/_m_pipe_out_46_0_/cregister/cregister/q_reg[31]_14[0]        |                                                                                                     |               19 |             32 |
|  clk_wiz_0/inst/clk_out1 | mipsfpga_sys/top/cpu/core/mpc/mpc_ctl/_m_pipe_out_46_0_/cregister/cregister/q_reg[31]_17[0]        |                                                                                                     |               21 |             32 |
|  clk_wiz_0/inst/clk_out1 | mipsfpga_sys/top/cpu/core/mpc/mpc_ctl/_m_pipe_out_46_0_/cregister/cregister/q_reg[31]_24[0]        |                                                                                                     |               19 |             32 |
|  clk_wiz_0/inst/clk_out1 | mipsfpga_sys/top/cpu/core/mpc/mpc_ctl/_m_pipe_out_46_0_/cregister/cregister/q_reg[31]_25[0]        |                                                                                                     |               19 |             32 |
|  clk_wiz_0/inst/clk_out1 | mipsfpga_sys/top/cpu/core/mpc/mpc_ctl/_m_pipe_out_46_0_/cregister/cregister/q_reg[31]_5[0]         |                                                                                                     |               16 |             32 |
|  clk_wiz_0/inst/clk_out1 | mipsfpga_sys/top/cpu/core/mpc/mpc_ctl/_m_pipe_out_46_0_/cregister/cregister/q_reg[31]_7[0]         |                                                                                                     |               18 |             32 |
|  clk_wiz_0/inst/clk_out1 | mipsfpga_sys/top/cpu/core/mpc/mpc_ctl/_m_pipe_out_46_0_/cregister/cregister/q_reg[31]_6[0]         |                                                                                                     |               20 |             32 |
|  clk_wiz_0/inst/clk_out1 | mipsfpga_sys/top/cpu/core/mpc/mpc_ctl/_m_pipe_out_46_0_/cregister/cregister/q_reg[31]_8[0]         |                                                                                                     |               18 |             32 |
|  clk_wiz_0/inst/clk_out1 | mipsfpga_sys/top/cpu/core/mpc/mpc_ctl/_m_pipe_out_46_0_/cregister/cregister/q_reg[31]_9[0]         |                                                                                                     |               18 |             32 |
|  clk_wiz_0/inst/clk_out1 | mipsfpga_sys/top/cpu/core/mpc/mpc_ctl/_m_pipe_out_46_0_/cregister/cregister/q_reg[31]_4[0]         |                                                                                                     |               17 |             32 |
|  clk_wiz_0/inst/clk_out1 | mipsfpga_sys/top/cpu/core/mpc/mpc_dec/_int_ir_e_31_0_/cregister/cregister/q_reg[0]_11[0]           |                                                                                                     |               13 |             32 |
|  clk_wiz_0/inst/clk_out1 | mipsfpga_sys/top/cpu/core/mpc/mpc_exc/_pexc_x/mpc_jamtlb_w                                         |                                                                                                     |               14 |             32 |
|  clk_wiz_0/inst/clk_out1 | mipsfpga_sys/top/cpu/core/cpz/cpz_pc/alu_cp0_pc1/_pc_ctl_evt_reg_7_0_/cregister/register_inst/E[0] |                                                                                                     |               11 |             32 |
|  clk_wiz_0/inst/clk_out1 | mipsfpga_sys/top/cpu/core/cpz/cpz_pc/alu_cp0_pc0/_pc_ctl_evt_reg_7_0_/cregister/register_inst/E[0] |                                                                                                     |               10 |             32 |
|  clk_wiz_0/inst/clk_out1 | mipsfpga_sys/top/cpu/core/mmu/tlb_ctl/_cp0write_md/tagwrclken_16[2]                                |                                                                                                     |               13 |             32 |
|  tck                     | mipsfpga_sys/top/cpu/core/ejt/ejt_tap/ejt_tck/_tap_ctrl_3_0_/E[0]                                  |                                                                                                     |                8 |             32 |
|  clk_wiz_0/inst/clk_out1 | mipsfpga_sys/top/cpu/core/mmu/tlb_ctl/_cp0write_md/tagwrclken_16[9]                                |                                                                                                     |               11 |             32 |
|  clk_wiz_0/inst/clk_out1 | mipsfpga_sys/top/cpu/core/icc/_biu_idataval_reg/E[0]                                               |                                                                                                     |               18 |             32 |
|  clk_wiz_0/inst/clk_out1 | mipsfpga_sys/top/cpu/core/mmu/tlb_ctl/_cp0write_md/tagwrclken_16[7]                                |                                                                                                     |               12 |             32 |
|  clk_wiz_0/inst/clk_out1 | mipsfpga_sys/top/cpu/core/biu/_greset_reg/q_reg[0]_1                                               | mipsfpga_sys/top/cpu/core/siu/_siu_coldreset/q_reg[0]_7                                             |               19 |             32 |
|  clk_wiz_0/inst/clk_out1 | mipsfpga_sys/top/cpu/core/mmu/tlb_ctl/_cp0write_md/tagwrclken_16[8]                                |                                                                                                     |               11 |             32 |
|  clk_wiz_0/inst/clk_out1 | mipsfpga_sys/top/cpu/core/dcc/_rd_req_enable/q_reg[0]_4                                            |                                                                                                     |               12 |             32 |
|  clk_wiz_0/inst/clk_out1 | mipsfpga_sys/top/cpu/core/mmu/tlb_ctl/_cp0write_md/tagwrclken_16[14]                               |                                                                                                     |               11 |             32 |
|  clk_wiz_0/inst/clk_out1 | mipsfpga_sys/top/cpu/core/mmu/tlb_ctl/_cp0write_md/tagwrclken_16[11]                               |                                                                                                     |               13 |             32 |
|  clk_wiz_0/inst/clk_out1 | mipsfpga_sys/top/cpu/core/biu/_dreq_d_st0_reg/E[0]                                                 |                                                                                                     |               26 |             32 |
|  clk_wiz_0/inst/clk_out1 | mipsfpga_sys/top/cpu/core/mmu/tlb_ctl/_cp0write_md/tagwrclken_16[13]                               |                                                                                                     |               11 |             32 |
|  clk_wiz_0/inst/clk_out1 | mipsfpga_sys/top/cpu/core/biu/_biu_eaaccess/E[0]                                                   |                                                                                                     |               13 |             32 |
|  clk_wiz_0/inst/clk_out1 | mipsfpga_sys/top/cpu/core/mmu/tlb_ctl/_cp0write_md/tagwrclken_16[12]                               |                                                                                                     |               10 |             32 |
|  clk_wiz_0/inst/clk_out1 | mipsfpga_sys/top/cpu/core/dcc/_ev_dirtyway_reg_reg/cond047_out                                     |                                                                                                     |               22 |             32 |
|  tck                     | mipsfpga_sys/top/cpu/core/ejt/ejt_tap/ejt_tck/_inst_reg41_4_1_/E[0]                                |                                                                                                     |               11 |             32 |
|  clk_wiz_0/inst/clk_out1 | mipsfpga_sys/top/cpu/core/mmu/tlb_ctl/_cp0write_md/tagwrclken_16[10]                               |                                                                                                     |               11 |             32 |
|  clk_wiz_0/inst/clk_out1 | mipsfpga_sys/top/cpu/core/mmu/tlb_ctl/_cp0write_md/tagwrclken_16[6]                                |                                                                                                     |               12 |             32 |
|  clk_wiz_0/inst/clk_out1 | mipsfpga_sys/top/cpu/core/dcc/_prefetch/E[0]                                                       |                                                                                                     |               26 |             32 |
|  clk_wiz_0/inst/clk_out1 | mipsfpga_sys/top/cpu/core/mmu/tlb_ctl/_cp0write_md/tagwrclken_16[4]                                |                                                                                                     |               12 |             32 |
|  clk_wiz_0/inst/clk_out1 | mipsfpga_sys/top/cpu/core/mmu/tlb_ctl/_cp0write_md/tagwrclken_16[3]                                |                                                                                                     |               13 |             32 |
|  clk_wiz_0/inst/clk_out1 | mipsfpga_sys/top/cpu/core/mmu/tlb_ctl/_cp0write_md/tagwrclken_16[15]                               |                                                                                                     |               11 |             32 |
|  clk_wiz_0/inst/clk_out1 | mipsfpga_sys/top/cpu/core/mmu/tlb_ctl/_cp0write_md/tagwrclken_16[5]                                |                                                                                                     |               12 |             32 |
|  clk_wiz_0/inst/clk_out1 | mipsfpga_sys/top/cpu/core/dcc/fb/_update_fb_back/q_reg[21][0]                                      |                                                                                                     |                9 |             32 |
|  clk_wiz_0/inst/clk_out1 | mipsfpga_sys/top/cpu/core/mmu/tlb_ctl/_cp0write_md/tagwrclken_16[1]                                |                                                                                                     |               13 |             32 |
|  clk_wiz_0/inst/clk_out1 | mipsfpga_sys/top/cpu/core/dcc/fb/_update_fb_back/q_reg[0]_5[0]                                     |                                                                                                     |               23 |             32 |
|  clk_wiz_0/inst/clk_out1 | mipsfpga_sys/top/cpu/core/mpc/mpc_ctl/_ie_pipe_out_50_0_/cregister/cregister/q_reg[0]_51[0]        |                                                                                                     |               15 |             32 |
|  clk_wiz_0/inst/clk_out1 | mipsfpga_sys/top/cpu/core/mpc/mpc_ctl/_ie_pipe_out_50_0_/cregister/cregister/q_reg[0]_60[0]        |                                                                                                     |               11 |             32 |
|  clk_wiz_0/inst/clk_out1 | mipsfpga_sys/top/cpu/core/mpc/mpc_ctl/_ie_pipe_out_50_0_/cregister/cregister/q_reg[0]_45[0]        |                                                                                                     |               14 |             32 |
|  clk_wiz_0/inst/clk_out1 | mipsfpga_sys/top/cpu/core/mpc/mpc_ctl/_ie_pipe_out_50_0_/cregister/cregister/q_reg[0]_56[0]        |                                                                                                     |               10 |             32 |
|  clk_wiz_0/inst/clk_out1 | mipsfpga_sys/top/cpu/core/mpc/mpc_ctl/_ie_pipe_out_50_0_/cregister/cregister/q_reg[0]_44[0]        |                                                                                                     |               23 |             32 |
|  clk_wiz_0/inst/clk_out1 | mipsfpga_sys/top/cpu/core/mpc/mpc_ctl/_ie_pipe_out_50_0_/cregister/cregister/q_reg[0]_58[0]        |                                                                                                     |               12 |             32 |
|  clk_wiz_0/inst/clk_out1 | mipsfpga_sys/top/cpu/core/mpc/mpc_ctl/_ie_pipe_out_50_0_/cregister/cregister/q_reg[0]_57[0]        |                                                                                                     |                9 |             32 |
|  clk_wiz_0/inst/clk_out1 | mipsfpga_sys/top/cpu/core/mpc/mpc_ctl/_ie_pipe_out_50_0_/cregister/cregister/q_reg[0]_52[0]        |                                                                                                     |                8 |             32 |
|  clk_wiz_0/inst/clk_out1 | mipsfpga_sys/top/cpu/core/mpc/mpc_ctl/_w_pipe_out_5_0_/cregister/cregister/E[0]                    |                                                                                                     |                9 |             32 |
|  clk_wiz_0/inst/clk_out1 | mipsfpga_sys/top/cpu/core/mpc/mpc_ctl/_ie_pipe_out_50_0_/cregister/cregister/q_reg[31]_0[0]        |                                                                                                     |               12 |             32 |
|  clk_wiz_0/inst/clk_out1 | mipsfpga_sys/top/cpu/core/mpc/mpc_ctl/_ie_pipe_out_50_0_/cregister/cregister/mmu_transexc          |                                                                                                     |                8 |             32 |
|  clk_wiz_0/inst/clk_out1 | mipsfpga_sys/top/cpu/core/mdunit/mdl_ctl/_uc_reg_out_20_0_/cregister/register_inst/q_reg[0]_8[0]   |                                                                                                     |               23 |             32 |
|  clk_wiz_0/inst/clk_out1 | mipsfpga_sys/top/cpu/core/mpc/mpc_ctl/_coptype_md_3_0_/q_reg[0]_29[0]                              |                                                                                                     |               14 |             32 |
|  clk_wiz_0/inst/clk_out1 | mipsfpga_sys/top/cpu/core/mdunit/mdl_ctl/_uc_reg_out_20_0_/cregister/register_inst/q_reg[0]_11[0]  |                                                                                                     |               14 |             32 |
|  clk_wiz_0/inst/clk_out1 | mipsfpga_sys/top/cpu/core/mdunit/mdl_ctl/_uc_reg_out_20_0_/cregister/register_inst/E[0]            |                                                                                                     |               14 |             32 |
|  clk_wiz_0/inst/clk_out1 | mipsfpga_sys/top/cpu/core/mpc/mpc_ctl/_m_pipe_out_46_0_/cregister/cregister/q_reg[31]_21[0]        |                                                                                                     |               17 |             32 |
|  clk_wiz_0/inst/clk_out1 | mipsfpga_sys/top/cpu/core/mpc/mpc_ctl/_m_pipe_out_46_0_/cregister/cregister/q_reg[31]_16[0]        |                                                                                                     |               18 |             32 |
|  clk_wiz_0/inst/clk_out1 | mipsfpga_sys/top/cpu/core/mpc/mpc_ctl/_m_pipe_out_46_0_/cregister/cregister/q_reg[31]_2[0]         |                                                                                                     |               21 |             32 |
|  clk_wiz_0/inst/clk_out1 | mipsfpga_sys/top/cpu/core/mpc/mpc_ctl/_ie_pipe_out_50_0_/cregister/cregister/q_reg[0]_55[0]        |                                                                                                     |               11 |             32 |
|  clk_wiz_0/inst/clk_out1 | mipsfpga_sys/top/cpu/core/mpc/mpc_ctl/_m_pipe_out_46_0_/cregister/cregister/q_reg[31]_26[0]        |                                                                                                     |               21 |             32 |
|  clk_wiz_0/inst/clk_out1 | mipsfpga_sys/top/cpu/core/mpc/mpc_ctl/_m_pipe_out_46_0_/cregister/cregister/q_reg[31]_28[0]        |                                                                                                     |               19 |             32 |
|  clk_wiz_0/inst/clk_out1 | mipsfpga_sys/top/cpu/core/mpc/mpc_ctl/_m_pipe_out_46_0_/cregister/cregister/q_reg[31]_29[0]        |                                                                                                     |               14 |             32 |
|  clk_wiz_0/inst/clk_out1 | mipsfpga_sys/top/cpu/core/mpc/mpc_ctl/_m_pipe_out_46_0_/cregister/cregister/q_reg[31]_1[0]         |                                                                                                     |               19 |             32 |
|  clk_wiz_0/inst/clk_out1 | mipsfpga_sys/top/cpu/core/mpc/mpc_ctl/_m_pipe_out_46_0_/cregister/cregister/q_reg[31]_18[0]        |                                                                                                     |               24 |             32 |
|  clk_wiz_0/inst/clk_out1 | mipsfpga_sys/top/cpu/core/mpc/mpc_ctl/_m_pipe_out_46_0_/cregister/cregister/q_reg[31]_23[0]        |                                                                                                     |               16 |             32 |
|  clk_wiz_0/inst/clk_out1 | mipsfpga_sys/top/cpu/core/mmu/tlb_ctl/_cp0write_md/tagwrclken_16[0]                                |                                                                                                     |                9 |             32 |
|  clk_wiz_0/inst/clk_out1 | mipsfpga_sys/top/cpu/core/dcc/fb/_update_fb_back/q_reg[21]_0[0]                                    |                                                                                                     |               10 |             32 |
|  clk_wiz_0/inst/clk_out1 | mipsfpga_sys/top/cpu/core/mpc/mpc_ctl/_m_pipe_out_46_0_/cregister/cregister/q_reg[31]_13[0]        |                                                                                                     |               21 |             32 |
|  clk_wiz_0/inst/clk_out1 | mipsfpga_sys/top/cpu/core/mpc/mpc_ctl/_m_pipe_out_46_0_/cregister/cregister/q_reg[31]_22[0]        |                                                                                                     |               19 |             32 |
|  clk_wiz_0/inst/clk_out1 | mipsfpga_sys/top/cpu/core/mpc/mpc_ctl/_m_pipe_out_46_0_/cregister/cregister/q_reg[31]_3[0]         |                                                                                                     |               20 |             32 |
|  clk_wiz_0/inst/clk_out1 | mipsfpga_sys/top/cpu/core/mpc/mpc_ctl/_m_pipe_out_46_0_/cregister/cregister/q_reg[31]_15[0]        |                                                                                                     |               16 |             32 |
|  clk_wiz_0/inst/clk_out1 | mipsfpga_sys/top/cpu/core/mpc/mpc_ctl/_m_pipe_out_46_0_/cregister/cregister/q_reg[31]_19[0]        |                                                                                                     |               19 |             32 |
|  clk_wiz_0/inst/clk_out1 | mipsfpga_sys/top/cpu/core/dcc/fb/_update_fb_back/q_reg[0]_7[0]                                     |                                                                                                     |               21 |             32 |
|  clk_wiz_0/inst/clk_out1 | mipsfpga_sys/top/cpu/core/dcc/fb/_update_fb_back/q_reg[0]_6[0]                                     |                                                                                                     |               24 |             32 |
|  clk_wiz_0/inst/clk_out1 | mipsfpga_sys/top/cpu/core/dcc/fb/_update_fb_back/E[0]                                              |                                                                                                     |               22 |             32 |
|  clk_wiz_0/inst/clk_out1 | mipsfpga_sys/top/cpu/core/mpc/mpc_exc/_mpc_auexc_x/q_reg[23][0]                                    |                                                                                                     |                9 |             34 |
|  clk_wiz_0/inst/clk_out1 | mipsfpga_sys/top/cpu/core/dcc/_prefetch/q_reg[0]_1[0]                                              |                                                                                                     |               11 |             34 |
|  tck                     | mipsfpga_sys/top/cpu/core/ejt/ejt_tap/ejt_tck/_tap_ctrl_3_0_/q_reg[31]_0[0]                        |                                                                                                     |               11 |             34 |
|  clk_wiz_0/inst/clk_out1 | mipsfpga_sys/top/cpu/core/dcc/_rd_req_enable/E[0]                                                  |                                                                                                     |               14 |             35 |
|  clk_wiz_0/inst/clk_out1 | mipsfpga_sys/top/cpu/core/icc/_buffer_data_reg/enable_ireq_nxt                                     |                                                                                                     |               16 |             36 |
|  clk_wiz_0/inst/clk_out1 | mipsfpga_sys/top/cpu/core/dcc/_dcc_ev/mpc_run_w                                                    |                                                                                                     |               13 |             37 |
|  clk_wiz_0/inst/clk_out1 | mipsfpga_sys/top/cpu/core/icc/_buffer_data_reg/ld_tag                                              |                                                                                                     |               16 |             38 |
|  clk_wiz_0/inst/clk_out1 | mipsfpga_sys/top/cpu/core/mmu/tlb_itlb/load_utlb[2]                                                |                                                                                                     |               12 |             61 |
|  clk_wiz_0/inst/clk_out1 | mipsfpga_sys/top/cpu/core/mmu/tlb_itlb/load_utlb[1]                                                |                                                                                                     |               18 |             61 |
|  clk_wiz_0/inst/clk_out1 | mipsfpga_sys/top/cpu/core/mmu/tlb_itlb/load_utlb[0]                                                |                                                                                                     |               19 |             61 |
|  clk_wiz_0/inst/clk_out1 | mipsfpga_sys/top/cpu/core/mmu/tlb_itlb/load_utlb[3]                                                |                                                                                                     |               25 |             61 |
|  clk_wiz_0/inst/clk_out1 | mipsfpga_sys/top/cpu/core/mmu/tlb_dtlb/load_utlb[0]                                                |                                                                                                     |               15 |             63 |
|  clk_wiz_0/inst/clk_out1 | mipsfpga_sys/top/cpu/core/mmu/tlb_dtlb/load_utlb[3]                                                |                                                                                                     |               23 |             63 |
|  clk_wiz_0/inst/clk_out1 | mipsfpga_sys/top/cpu/core/mmu/tlb_dtlb/load_utlb[1]                                                |                                                                                                     |               16 |             63 |
|  clk_wiz_0/inst/clk_out1 | mipsfpga_sys/top/cpu/core/mmu/tlb_dtlb/utlb/_lru3_1_0_/E[0]                                        |                                                                                                     |               18 |             63 |
|  clk_wiz_0/inst/clk_out1 | mipsfpga_sys/top/cpu/core/biu/_wrb_wd_cnt_1_0_/E[0]                                                |                                                                                                     |               42 |            100 |
|  clk_wiz_0/inst/clk_out1 | mipsfpga_sys/top/cpu/core/dcc/_fb_wb_idx_match_reg/mpc_run_m                                       |                                                                                                     |               49 |            101 |
|  clk_wiz_0/inst/clk_out1 | mipsfpga_sys/top/cpu/core/dcc/_ev_dirtyway_reg_reg/q_reg[0]_2                                      |                                                                                                     |               30 |            128 |
|  clk_wiz_0/inst/clk_out1 | mipsfpga_sys/top/cpu/core/biu/_dcc_ev_force_move_reg/E[0]                                          |                                                                                                     |               39 |            144 |
|  clk_wiz_0/inst/clk_out1 | mipsfpga_sys/top/cpu/core/mpc/mpc_ctl/_ie_pipe_out_50_0_/cregister/cregister/q_reg[49]_0           |                                                                                                     |               79 |            210 |
|  clk_wiz_0/inst/clk_out1 |                                                                                                    |                                                                                                     |              462 |           1108 |
+--------------------------+----------------------------------------------------------------------------------------------------+-----------------------------------------------------------------------------------------------------+------------------+----------------+


+--------+-----------------------+
| Fanout | Number of ControlSets |
+--------+-----------------------+
| 1      |                     4 |
| 2      |                     3 |
| 4      |                    28 |
| 5      |                     6 |
| 6      |                     6 |
| 7      |                     2 |
| 8      |                    49 |
| 9      |                     5 |
| 10     |                     2 |
| 11     |                     2 |
| 12     |                     3 |
| 13     |                     3 |
| 14     |                     2 |
| 15     |                     8 |
| 16+    |                   158 |
+--------+-----------------------+


